[DETAIL_DIM]
CX=10 cm
CY=50 cm
[DETAIL_DIM]

[DETAIL-1]
FORMULA=str(LayRemark1 + "I" + LayRemark4 + "L" + LayNo + "-")
[DETAIL-1]

[DETAIL-2]
FORMULA=LayQty
[DETAIL-2]

[DETAIL-3]
FORMULA=LayYield
[DETAIL-3]

[DETAIL-4]
FORMULA=(LayRest/LayGross)*100
[DETAIL-4]

[DETAIL-5]
FORMULA=LayTime
[DETAIL-5]

[DETAIL-6]
FORMULA=SheetMat
[DETAIL-6]

[DETAIL-7]
FORMULA=LAYMACH
[DETAIL-7]

[DETAIL-8]
FORMULA=SheetL
[DETAIL-8]

[DETAIL-9]
FORMULA=SheetW
[DETAIL-9]

[DETAIL-10]
FORMULA=(LayCutLL1 + LayCutLW1) + (LayCutLW2 + LayCutLL2) + (LayCutLW3 + LayCutLL3)
[DETAIL-10]

[DETAIL-11]
FORMULA=ResFName
[DETAIL-11]

[DETAIL-12]
FORMULA=IF((INSTR(SheetFName;"SOBRA"))=='1';"S";"N")
[DETAIL-12]

[DETAIL$FORM-1]
[DETAIL$FORM-1]

[DETAIL$FORM-2]
[DETAIL$FORM-2]

[DETAIL$FORM-3]
[DETAIL$FORM-3]

[DETAIL$FORM-4]
[DETAIL$FORM-4]

[DETAIL$FORM-5]
[DETAIL$FORM-5]

[DETAIL$FORM-6]
[DETAIL$FORM-6]

[DETAIL$FORM-7]
[DETAIL$FORM-7]

[DETAIL$FORM-8]
[DETAIL$FORM-8]

[DETAIL$FORM-9]
[DETAIL$FORM-9]

[DETAIL$FORM-10]
[DETAIL$FORM-10]

[DETAIL$FORM-11]
[DETAIL$FORM-11]

[DETAIL$FORM-12]
[DETAIL$FORM-12]

[REPORTFONTS-1]
ID=Default
Prop=100;0;0;0;400;0;0;0;1;3;2;1;34;Arial;0
[REPORTFONTS-1]

[REPORTFONTS-2]
ID=Large
Prop=140;0;0;0;400;0;0;0;1;3;2;1;34;Arial;0
[REPORTFONTS-2]

[REPORTFONTS-3]
ID=Medium
Prop=120;0;0;0;400;0;0;0;1;3;2;1;34;Arial;0
[REPORTFONTS-3]

[REPORTFONTS-4]
ID=BC39
Prop=280;0;0;0;400;0;0;0;0;3;2;1;34;BC C39 3 to 1 Narrow;0
[REPORTFONTS-4]

[REPORTFONTS-5]
ID=BC39L
Prop=360;0;0;0;400;0;0;0;0;3;2;1;34;BC C39 3 to 1 Narrow;0
[REPORTFONTS-5]

[REPORTFONTS-6]
ID=BC128
Prop=360;0;0;0;400;0;0;0;0;3;2;1;34;BC C128 Narrow;0
[REPORTFONTS-6]

[REPORTFONTS-7]
ID=BC128L
Prop=480;0;0;0;400;0;0;0;0;3;2;1;34;BC C128 HD Wide;0
[REPORTFONTS-7]

[REPORTFONTS-8]
ID=BC_Lbl
Prop=180;0;0;0;400;0;0;0;0;3;2;1;34;BC C128 Medium;0
[REPORTFONTS-8]

[REPORTFONTS-9]
ID=BCI25
Prop=280;0;0;0;400;0;0;0;0;3;2;1;34;BC I25 Narrow;0
[REPORTFONTS-9]

[REPORTFONTS-10]
ID=Font10
Prop=480;0;0;0;500;0;0;0;2;3;2;1;2;BC Code 128;0
[REPORTFONTS-10]

[REPORTFONTS-11]
ID=FONTE_DA_VANTAGE
Prop=280;0;0;0;700;0;0;0;0;3;2;1;1;Bar Code;0
[REPORTFONTS-11]

[REPORTFONTS-12]
ID=barcodefont
Prop=200;0;0;0;400;0;0;0;0;3;2;1;2;C39HrP24DlTt;0
[REPORTFONTS-12]

[REPORTFONTS-13]
ID=1359barcode
Prop=140;0;0;0;400;0;0;0;0;3;2;1;2;CCode39;0
[REPORTFONTS-13]

[FOOTER_DIM]
[FOOTER_DIM]

[GROUP_DIM]
[GROUP_DIM]

[GROUP2_DIM]
[GROUP2_DIM]

[TITLE_DIM]
CX=10 char
CY=10 char
[TITLE_DIM]

[REPORT]
TYPE=1
NX=1
NY=1
EXPORTFILE="C:\tmp\ARDIS_DB_TEMPOX\CSV_TO_TEMPOX_DB_TESTE.csv"
EXPFIELDDELIM=";"
[REPORT]

[REPORT$FORM]
[REPORT$FORM]

[TITLE-1]
FORMULA="codigo_layout"
[TITLE-1]

[TITLE-2]
FORMULA="qtd_chapas"
[TITLE-2]

[TITLE-3]
FORMULA="perc_aproveitamento"
[TITLE-3]

[TITLE-4]
FORMULA="perc_sobras"
[TITLE-4]

[TITLE-5]
FORMULA="tempo_estimado_seg"
[TITLE-5]

[TITLE-6]
FORMULA="descricao_material"
[TITLE-6]

[TITLE-7]
FORMULA="apelido_recurso"
[TITLE-7]

[TITLE-8]
FORMULA="mm_comprimento"
[TITLE-8]

[TITLE-9]
FORMULA="mm_largura"
[TITLE-9]

[TITLE-10]
FORMULA="mm_comp_linear"
[TITLE-10]

[TITLE-11]
FORMULA="nome_projeto"
[TITLE-11]

[TITLE-12]
FORMULA="sobra"
[TITLE-12]

[TITLE$FORM-1]
[TITLE$FORM-1]

[TITLE$FORM-2]
[TITLE$FORM-2]

[TITLE$FORM-3]
[TITLE$FORM-3]

[TITLE$FORM-4]
[TITLE$FORM-4]

[TITLE$FORM-5]
[TITLE$FORM-5]

[TITLE$FORM-6]
[TITLE$FORM-6]

[TITLE$FORM-7]
[TITLE$FORM-7]

[TITLE$FORM-8]
[TITLE$FORM-8]

[TITLE$FORM-9]
[TITLE$FORM-9]

[TITLE$FORM-10]
[TITLE$FORM-10]

[TITLE$FORM-11]
[TITLE$FORM-11]

[TITLE$FORM-12]
[TITLE$FORM-12]

[GROUPFOOTER2_DIM]
[GROUPFOOTER2_DIM]

[GROUPFOOTER_DIM]
[GROUPFOOTER_DIM]
