[DETAIL_DIM]
CX=10 cm
CY=50 cm
[DETAIL_DIM]

[DETAIL-1]
FORMULA=PartExt02
[DETAIL-1]

[DETAIL-2]
FORMULA=PartExt21
[DETAIL-2]

[DETAIL-3]
FORMULA=str(LayRemark1 + "I" + LayRemark4 + "L" + LayNo + "-")
[DETAIL-3]

[DETAIL-4]
FORMULA=LayPartQty
[DETAIL-4]

[DETAIL-5]
FORMULA=LayPartCutTime
[DETAIL-5]

[DETAIL$FORM-1]
[DETAIL$FORM-1]

[DETAIL$FORM-2]
[DETAIL$FORM-2]

[DETAIL$FORM-3]
[DETAIL$FORM-3]

[DETAIL$FORM-4]
[DETAIL$FORM-4]

[DETAIL$FORM-5]
[DETAIL$FORM-5]

[REPORTFONTS-1]
ID=Default
Prop=100;0;0;0;400;0;0;0;1;3;2;1;34;Arial;0
[REPORTFONTS-1]

[REPORTFONTS-2]
ID=Large
Prop=140;0;0;0;400;0;0;0;1;3;2;1;34;Arial;0
[REPORTFONTS-2]

[REPORTFONTS-3]
ID=Medium
Prop=120;0;0;0;400;0;0;0;1;3;2;1;34;Arial;0
[REPORTFONTS-3]

[REPORTFONTS-4]
ID=BC39
Prop=280;0;0;0;400;0;0;0;0;3;2;1;34;BC C39 3 to 1 Narrow;0
[REPORTFONTS-4]

[REPORTFONTS-5]
ID=BC39L
Prop=360;0;0;0;400;0;0;0;0;3;2;1;34;BC C39 3 to 1 Narrow;0
[REPORTFONTS-5]

[REPORTFONTS-6]
ID=BC128
Prop=360;0;0;0;400;0;0;0;0;3;2;1;34;BC C128 Narrow;0
[REPORTFONTS-6]

[REPORTFONTS-7]
ID=BC128L
Prop=480;0;0;0;400;0;0;0;0;3;2;1;34;BC C128 HD Wide;0
[REPORTFONTS-7]

[REPORTFONTS-8]
ID=BC_Lbl
Prop=180;0;0;0;400;0;0;0;0;3;2;1;34;BC C128 Medium;0
[REPORTFONTS-8]

[REPORTFONTS-9]
ID=BCI25
Prop=280;0;0;0;400;0;0;0;0;3;2;1;34;BC I25 Narrow;0
[REPORTFONTS-9]

[REPORTFONTS-10]
ID=Font10
Prop=480;0;0;0;500;0;0;0;2;3;2;1;2;BC Code 128;0
[REPORTFONTS-10]

[REPORTFONTS-11]
ID=FONTE_DA_VANTAGE
Prop=280;0;0;0;700;0;0;0;0;3;2;1;1;Bar Code;0
[REPORTFONTS-11]

[REPORTFONTS-12]
ID=barcodefont
Prop=200;0;0;0;400;0;0;0;0;3;2;1;2;C39HrP24DlTt;0
[REPORTFONTS-12]

[REPORTFONTS-13]
ID=1359barcode
Prop=140;0;0;0;400;0;0;0;0;3;2;1;2;CCode39;0
[REPORTFONTS-13]

[FOOTER_DIM]
[FOOTER_DIM]

[GROUP_DIM]
[GROUP_DIM]

[GROUP2_DIM]
[GROUP2_DIM]

[TITLE_DIM]
CX=10 char
CY=10 char
[TITLE_DIM]

[REPORT]
TYPE=4
GROUP=PartExt02
FILTER=LayPartRef  != 'Sobras'
NX=1
NY=1
EXPORTFILE="C:\tmp\ARDIS_DB_TEMPOX\CSV_TO_TEMPOX_DB_MATORD_TESTE.csv"
EXPFIELDDELIM=";"
[REPORT]

[REPORT$FORM]
[REPORT$FORM]

[TITLE-1]
FORMULA="id_ordem"
[TITLE-1]

[TITLE-2]
FORMULA="id_unico_peca"
[TITLE-2]

[TITLE-3]
FORMULA="codigo_layout"
[TITLE-3]

[TITLE-4]
FORMULA="qtd_cortada_no_layout"
[TITLE-4]

[TITLE-5]
FORMULA="tempo_corte_segundos"
[TITLE-5]

[TITLE$FORM-1]
[TITLE$FORM-1]

[TITLE$FORM-2]
[TITLE$FORM-2]

[TITLE$FORM-3]
[TITLE$FORM-3]

[TITLE$FORM-4]
[TITLE$FORM-4]

[TITLE$FORM-5]
[TITLE$FORM-5]

[GROUPFOOTER2_DIM]
[GROUPFOOTER2_DIM]

[GROUPFOOTER_DIM]
[GROUPFOOTER_DIM]
